// Jest Snapshot v1, https://goo.gl/fbAQLP

exports[`ForecastDetails renders correctly 1`] = `
<DocumentFragment>
  <div
    class="forecast-details"
    data-testid="forecast-details"
  >
    <div
      class="forecast-details__date"
    >
      Mon Apr 30 2018
    </div>
    <div
      class="forecast-details__maxTemperature"
    >
      Max Temperature: 11°C
    </div>
    <div
      class="forecast-details__minTemperature"
    >
      Min Temperature: 4°C
    </div>
    <div
      class="forecast-details__humidity"
    >
      Humidity: 40%
    </div>
    <div
      class="forecast-details__wind_speed"
    >
      Wind Speed: 60mph
    </div>
    <div
      class="forecast-details__wind_direction"
    >
      Wind Direction: sw
    </div>
  </div>
</DocumentFragment>
`;
